  Determining projects to restore...
  All projects are up-to-date for restore.
  ReqnrollFeatureFiles: BDD\Features\ColdChainOracle.feature
  -> Using default config
  ReqnrollGeneratedFiles: BDD\Features\ColdChainOracle.feature.cs
  AHS.Common -> C:\Users\armando\Documents\_AHS\projects\AHS.SaaS\src\Foundation\AHS.Common\bin\Debug\net10.0\AHS.Common.dll
  AHS.Engines.HPC -> C:\Users\armando\Documents\_AHS\projects\AHS.SaaS\src\Engines\AHS.Engines.HPC\bin\Debug\net10.0\AHS.Engines.HPC.dll
  AHS.Cell.ColdChain.Domain -> C:\Users\armando\Documents\_AHS\projects\AHS.SaaS\src\Cells\ColdChain\AHS.Cell.ColdChain.Domain\bin\Debug\net10.0\AHS.Cell.ColdChain.Domain.dll
  AHS.Cell.ColdChain.Application -> C:\Users\armando\Documents\_AHS\projects\AHS.SaaS\src\Cells\ColdChain\AHS.Cell.ColdChain.Application\bin\Debug\net10.0\AHS.Cell.ColdChain.Application.dll
  AHS.Cell.ColdChain.Contracts -> C:\Users\armando\Documents\_AHS\projects\AHS.SaaS\src\Cells\ColdChain\AHS.Cell.ColdChain.Contracts\bin\Debug\net10.0\AHS.Cell.ColdChain.Contracts.dll
  AHS.Web.Common -> C:\Users\armando\Documents\_AHS\projects\AHS.SaaS\src\Foundation\AHS.Web.Common\bin\Debug\net10.0\AHS.Web.Common.dll
  AHS.Cell.ColdChain.Infrastructure -> C:\Users\armando\Documents\_AHS\projects\AHS.SaaS\src\Cells\ColdChain\AHS.Cell.ColdChain.Infrastructure\bin\Debug\net10.0\AHS.Cell.ColdChain.Infrastructure.dll
  AHS.Cell.ColdChain.API -> C:\Users\armando\Documents\_AHS\projects\AHS.SaaS\src\Cells\ColdChain\AHS.Cell.ColdChain.API\bin\Debug\net10.0\AHS.Cell.ColdChain.API.dll
C:\Users\armando\Documents\_AHS\projects\AHS.SaaS\tests\Cells\ColdChain\AHS.Cell.ColdChain.Tests\Integration\ColdChainWebAppFactory.cs(15,63): error CS0122: 'Program' is inaccessible due to its protection level [C:\Users\armando\Documents\_AHS\projects\AHS.SaaS\tests\Cells\ColdChain\AHS.Cell.ColdChain.Tests\AHS.Cell.ColdChain.Tests.csproj]

Build FAILED.

C:\Users\armando\Documents\_AHS\projects\AHS.SaaS\tests\Cells\ColdChain\AHS.Cell.ColdChain.Tests\Integration\ColdChainWebAppFactory.cs(15,63): error CS0122: 'Program' is inaccessible due to its protection level [C:\Users\armando\Documents\_AHS\projects\AHS.SaaS\tests\Cells\ColdChain\AHS.Cell.ColdChain.Tests\AHS.Cell.ColdChain.Tests.csproj]
    0 Warning(s)
    1 Error(s)

Time Elapsed 00:00:07.09
